// Jest Snapshot v1, https://goo.gl/fbAQLP

exports[`renders correctly 1`] = `
<div
  className="w-full"
>
  <h1
    className="text-2xl font-bold py-3 text-center text-dark-blue"
  >
    About Bloow Africa
  </h1>
  <ul
    className="list-disc w-2/3 m-auto"
  >
    <li
      className="pb-2"
    >
      We  aim at developing the best music platform for artists world wide and locally.
    </li>
    <li
      className="pb-2"
    >
      We  aim at developing the best music platform for artists world wide and locally.
    </li>
    <li
      className="pb-2"
    >
      We  aim at developing the best music platform for artists world wide and locally.
    </li>
    <li
      className="pb-2"
    >
      We  aim at developing the best music platform for artists world wide and locally.
    </li>
  </ul>
</div>
`;
